// Jest Snapshot v1, https://goo.gl/fbAQLP

exports[`experiment schema util should derive keys as expected 1`] = `
Array [
  "sampleId",
  "leafId",
  "files",
  "metadata.sample.labId",
  "metadata.sample.isolateId",
  "metadata.sample.collectionDate",
  "metadata.sample.prospectiveIsolate",
  "metadata.sample.countryIsolate",
  "metadata.sample.cityIsolate",
  "metadata.sample.longitudeIsolate",
  "metadata.sample.latitudeIsolate",
  "metadata.sample.dateArrived",
  "metadata.sample.anatomicalOrigin",
  "metadata.sample.smear",
  "metadata.genotyping.wgsPlatform",
  "metadata.genotyping.wgsPlatformOther",
  "metadata.genotyping.otherGenotypeInformation",
  "metadata.genotyping.genexpert",
  "metadata.genotyping.hain",
  "metadata.genotyping.hainRif",
  "metadata.genotyping.hainInh",
  "metadata.genotyping.hainFl",
  "metadata.genotyping.hainAm",
  "metadata.genotyping.hainEth",
  "metadata.phenotyping.phenotypeInformationFirstLineDrugs",
  "metadata.phenotyping.rifampicin.susceptibility",
  "metadata.phenotyping.rifampicin.method",
  "metadata.phenotyping.ethambutol.susceptibility",
  "metadata.phenotyping.ethambutol.method",
  "metadata.phenotyping.pyrazinamide.susceptibility",
  "metadata.phenotyping.pyrazinamide.method",
  "metadata.phenotyping.isoniazid.susceptibility",
  "metadata.phenotyping.isoniazid.method",
  "metadata.phenotyping.phenotypeInformationOtherDrugs",
  "metadata.phenotyping.rifabutin.susceptibility",
  "metadata.phenotyping.rifabutin.method",
  "metadata.phenotyping.ofloxacin.susceptibility",
  "metadata.phenotyping.ofloxacin.method",
  "metadata.phenotyping.ciprofloxacin.susceptibility",
  "metadata.phenotyping.ciprofloxacin.method",
  "metadata.phenotyping.levofloxacin.susceptibility",
  "metadata.phenotyping.levofloxacin.method",
  "metadata.phenotyping.gatifloxacin.susceptibility",
  "metadata.phenotyping.gatifloxacin.method",
  "metadata.phenotyping.amikacin.susceptibility",
  "metadata.phenotyping.amikacin.method",
  "metadata.phenotyping.kanamycin.susceptibility",
  "metadata.phenotyping.kanamycin.method",
  "metadata.phenotyping.gentamicin.susceptibility",
  "metadata.phenotyping.gentamicin.method",
  "metadata.phenotyping.streptomycin.susceptibility",
  "metadata.phenotyping.streptomycin.method",
  "metadata.phenotyping.capreomycin.susceptibility",
  "metadata.phenotyping.capreomycin.method",
  "metadata.phenotyping.clofazimine.susceptibility",
  "metadata.phenotyping.clofazimine.method",
  "metadata.phenotyping.pas.susceptibility",
  "metadata.phenotyping.pas.method",
  "metadata.phenotyping.linezolid.susceptibility",
  "metadata.phenotyping.linezolid.method",
  "metadata.phenotyping.ethionamide.susceptibility",
  "metadata.phenotyping.ethionamide.method",
  "metadata.phenotyping.terizidone.susceptibility",
  "metadata.phenotyping.terizidone.method",
  "metadata.phenotyping.amoxicilinClavulanate.susceptibility",
  "metadata.phenotyping.amoxicilinClavulanate.method",
  "metadata.phenotyping.thioacetazone.susceptibility",
  "metadata.phenotyping.thioacetazone.method",
  "metadata.phenotyping.imipenem.susceptibility",
  "metadata.phenotyping.imipenem.method",
  "metadata.phenotyping.meropenem.susceptibility",
  "metadata.phenotyping.meropenem.method",
  "metadata.phenotyping.clarythromycin.susceptibility",
  "metadata.phenotyping.clarythromycin.method",
  "metadata.phenotyping.highDoseIsoniazid.susceptibility",
  "metadata.phenotyping.highDoseIsoniazid.method",
  "metadata.phenotyping.bedaquiline.susceptibility",
  "metadata.phenotyping.bedaquiline.method",
  "metadata.phenotyping.delamanid.susceptibility",
  "metadata.phenotyping.delamanid.method",
  "metadata.phenotyping.prothionamide.susceptibility",
  "metadata.phenotyping.prothionamide.method",
  "metadata.phenotyping.pretomanid.susceptibility",
  "metadata.phenotyping.pretomanid.method",
  "metadata.treatment.previousTbInformation",
  "metadata.treatment.recentMdrTb",
  "metadata.treatment.priorTreatmentDate",
  "metadata.treatment.tbProphylaxis",
  "metadata.treatment.tbProphylaxisDate",
  "metadata.treatment.currentTbInformation",
  "metadata.treatment.startProgrammaticTreatment",
  "metadata.treatment.intensiveStartDate",
  "metadata.treatment.intensiveStopDate",
  "metadata.treatment.startProgrammaticContinuationTreatment",
  "metadata.treatment.continuation.start",
  "metadata.treatment.continuation.stop",
  "metadata.treatment.nonStandardTreatment",
  "metadata.treatment.outsideStandardPhaseRifampicinRifabutin.start",
  "metadata.treatment.outsideStandardPhaseRifampicinRifabutin.stop",
  "metadata.treatment.outsideStandardPhaseEthambutol.start",
  "metadata.treatment.outsideStandardPhaseEthambutol.stop",
  "metadata.treatment.outsideStandardPhasePyrazinamide.start",
  "metadata.treatment.outsideStandardPhasePyrazinamide.stop",
  "metadata.treatment.outsideStandardPhaseIsoniazid.start",
  "metadata.treatment.outsideStandardPhaseIsoniazid.stop",
  "metadata.treatment.outsideStandardPhaseOfloxacin.start",
  "metadata.treatment.outsideStandardPhaseOfloxacin.stop",
  "metadata.treatment.outsideStandardPhaseMoxifloxacin.start",
  "metadata.treatment.outsideStandardPhaseMoxifloxacin.stop",
  "metadata.treatment.outsideStandardPhaseLevofloxacin.start",
  "metadata.treatment.outsideStandardPhaseLevofloxacin.stop",
  "metadata.treatment.outsideStandardPhaseGatifloxacin.start",
  "metadata.treatment.outsideStandardPhaseGatifloxacin.stop",
  "metadata.treatment.outsideStandardPhaseAmikacin.start",
  "metadata.treatment.outsideStandardPhaseAmikacin.stop",
  "metadata.treatment.outsideStandardPhaseGentamicin.start",
  "metadata.treatment.outsideStandardPhaseGentamicin.stop",
  "metadata.treatment.outsideStandardPhaseStreptomycin.start",
  "metadata.treatment.outsideStandardPhaseStreptomycin.stop",
  "metadata.treatment.outsideStandardPhaseCapreomycin.start",
  "metadata.treatment.outsideStandardPhaseCapreomycin.stop",
  "metadata.treatment.outsideStandardPhaseClofazimine.start",
  "metadata.treatment.outsideStandardPhaseClofazimine.stop",
  "metadata.treatment.outsideStandardPhasePas.start",
  "metadata.treatment.outsideStandardPhasePas.stop",
  "metadata.treatment.outsideStandardPhaseLinezolid.start",
  "metadata.treatment.outsideStandardPhaseLinezolid.stop",
  "metadata.treatment.outsideStandardPhaseEthionamideProthionamide.start",
  "metadata.treatment.outsideStandardPhaseEthionamideProthionamide.stop",
  "metadata.treatment.outsideStandardPhaseTerizidone.start",
  "metadata.treatment.outsideStandardPhaseTerizidone.stop",
  "metadata.treatment.outsideStandardPhaseAmoxicilinClavulanate.start",
  "metadata.treatment.outsideStandardPhaseAmoxicilinClavulanate.stop",
  "metadata.treatment.outsideStandardPhaseThioacetazone.start",
  "metadata.treatment.outsideStandardPhaseThioacetazone.stop",
  "metadata.treatment.outsideStandardPhaseImipenemImipenemcilastatin.start",
  "metadata.treatment.outsideStandardPhaseImipenemImipenemcilastatin.stop",
  "metadata.treatment.outsideStandardPhaseMeropenem.start",
  "metadata.treatment.outsideStandardPhaseMeropenem.stop",
  "metadata.treatment.outsideStandardPhaseClarythromycin.start",
  "metadata.treatment.outsideStandardPhaseClarythromycin.stop",
  "metadata.treatment.outsideStandardPhaseHighDoseIsoniazid.start",
  "metadata.treatment.outsideStandardPhaseHighDoseIsoniazid.stop",
  "metadata.patient.patientId",
  "metadata.patient.siteId",
  "metadata.patient.genderAtBirth",
  "metadata.patient.countryOfBirth",
  "metadata.patient.age",
  "metadata.patient.bmi",
  "metadata.patient.injectingDrugUse",
  "metadata.patient.homeless",
  "metadata.patient.imprisoned",
  "metadata.patient.smoker",
  "metadata.patient.diabetic",
  "metadata.patient.hivStatus",
  "metadata.patient.art",
  "metadata.outcome.sputumSmearConversion",
  "metadata.outcome.sputumCultureConversion",
  "metadata.outcome.whoOutcomeCategory",
  "metadata.outcome.dateOfDeath",
  "results",
  "awaitingFirstDistanceResult",
]
`;

exports[`experiment schema util should determine completeness as expected 1`] = `
Object {
  "complete": 2,
  "total": 162,
}
`;
