// Jest Snapshot v1, https://goo.gl/fbAQLP

exports[`Notifications component snapshot renders correctly 1`] = `
<div
  className="wrap"
  data-tid="component-notifications"
>
  <div
    className="notification"
  >
    <a
      className="success"
      data-tid="notification"
      onClick={[Function]}
    >
      <p
        className="content"
      >
        <span
          className="icon"
        >
          <i
            className="fa fa-check-circle"
          />
        </span>
        Lorem
      </p>
      <span
        className="close"
      >
        <i
          className="fa fa-times-circle"
        />
      </span>
    </a>
  </div>
  <div
    className="notification"
  >
    <a
      className="error"
      data-tid="notification"
      onClick={[Function]}
    >
      <p
        className="content"
      >
        <span
          className="icon"
        >
          <i
            className="fa fa-exclamation-circle"
          />
        </span>
        Ipsum
      </p>
      <span
        className="close"
      >
        <i
          className="fa fa-times-circle"
        />
      </span>
    </a>
  </div>
</div>
`;
