// Jest Snapshot v1, https://goo.gl/fbAQLP

exports[`FormLabel component snapshot renders correctly 1`] = `
<label
  className="label"
  htmlFor="loremIpsum"
>
  &lt;a href="#"&gt;Dolor Sit Amet&lt;/a&gt;
  Lorem Ipsum
</label>
`;
