// Jest Snapshot v1, https://goo.gl/fbAQLP

exports[`Form component snapshot renders correctly 1`] = `
<form
  onSubmit={[Function]}
>
  &lt;p&gt;Lorem ipsum&lt;/p&gt;
</form>
`;
