// Jest Snapshot v1, https://goo.gl/fbAQLP

exports[`FormRow component snapshot renders correctly 1`] = `
<div
  className="formRow"
>
  &lt;a href="#"&gt;Dolor Sit Amet&lt;/a&gt;
</div>
`;
