// Jest Snapshot v1, https://goo.gl/fbAQLP

exports[`fetchJsonMiddleware should handle basic request 1`] = `
Array [
  Object {
    "type": "REQUEST",
  },
  Object {
    "payload": Object {
      "test": true,
    },
    "type": "SUCCESS",
  },
]
`;
